0 verbose cli /usr/bin/node /usr/bin/npm
1 info using npm@10.8.2
2 info using node@v20.20.2
3 silly config load:file:/usr/lib/node_modules/npm/npmrc
4 silly config load:file:/tmp/jstest/.npmrc
5 silly config load:file:/home/user/.npmrc
6 silly config load:file:/usr/etc/npmrc
7 verbose title npm i jsdom
8 verbose argv "i" "jsdom" "--loglevel" "silent" "--no-audit" "--no-fund"
9 verbose logfile logs-max:10 dir:/home/user/.npm/_logs/2026-09-19T15_22_31_227Z-
10 verbose logfile /home/user/.npm/_logs/2026-09-19T15_22_31_227Z-debug-0.log
11 silly packumentCache heap:998768640 maxSize:249692160 maxEntrySize:124846080
12 silly logfile done cleaning log files
13 silly idealTree buildDeps
14 silly fetch manifest jsdom@*
15 silly packumentCache full:https://registry.npmjs.org/jsdom cache-miss
16 http fetch GET 200 https://registry.npmjs.org/jsdom 100ms (cache miss)
17 silly packumentCache full:https://registry.npmjs.org/jsdom set size:undefined disposed:false
18 silly fetch manifest canvas@^3.0.0
19 silly packumentCache full:https://registry.npmjs.org/canvas cache-miss
20 http fetch GET 200 https://registry.npmjs.org/npm 201ms
21 http fetch GET 200 https://registry.npmjs.org/canvas 64ms (cache miss)
22 silly packumentCache full:https://registry.npmjs.org/canvas set size:undefined disposed:false
23 silly placeDep ROOT jsdom@29.1.1 OK for:  want: *
24 silly fetch manifest saxes@^6.0.0
25 silly packumentCache full:https://registry.npmjs.org/saxes cache-miss
26 http fetch GET 200 https://registry.npmjs.org/saxes 43ms (cache miss)
27 silly packumentCache full:https://registry.npmjs.org/saxes set size:undefined disposed:false
28 silly fetch manifest parse5@^8.0.1
29 silly packumentCache full:https://registry.npmjs.org/parse5 cache-miss
30 http fetch GET 200 https://registry.npmjs.org/parse5 39ms (cache miss)
31 silly packumentCache full:https://registry.npmjs.org/parse5 set size:undefined disposed:false
32 silly fetch manifest undici@^7.25.0
33 silly packumentCache full:https://registry.npmjs.org/undici cache-miss
34 http fetch GET 200 https://registry.npmjs.org/undici 72ms (cache miss)
35 silly packumentCache full:https://registry.npmjs.org/undici set size:undefined disposed:false
36 silly fetch manifest css-tree@^3.2.1
37 silly packumentCache full:https://registry.npmjs.org/css-tree cache-miss
38 http fetch GET 200 https://registry.npmjs.org/css-tree 30ms (cache miss)
39 silly packumentCache full:https://registry.npmjs.org/css-tree set size:undefined disposed:false
40 silly fetch manifest data-urls@^7.0.0
41 silly packumentCache full:https://registry.npmjs.org/data-urls cache-miss
42 http fetch GET 200 https://registry.npmjs.org/data-urls 36ms (cache miss)
43 silly packumentCache full:https://registry.npmjs.org/data-urls set size:undefined disposed:false
44 silly fetch manifest lru-cache@^11.3.5
45 silly packumentCache full:https://registry.npmjs.org/lru-cache cache-miss
46 http fetch GET 200 https://registry.npmjs.org/lru-cache 41ms (cache miss)
47 silly packumentCache full:https://registry.npmjs.org/lru-cache set size:undefined disposed:false
48 silly fetch manifest decimal.js@^10.6.0
49 silly packumentCache full:https://registry.npmjs.org/decimal.js cache-miss
50 http fetch GET 200 https://registry.npmjs.org/decimal.js 41ms (cache miss)
51 silly packumentCache full:https://registry.npmjs.org/decimal.js set size:undefined disposed:false
52 silly fetch manifest whatwg-url@^16.0.1
53 silly packumentCache full:https://registry.npmjs.org/whatwg-url cache-miss
54 http fetch GET 200 https://registry.npmjs.org/whatwg-url 34ms (cache miss)
55 silly packumentCache full:https://registry.npmjs.org/whatwg-url set size:undefined disposed:false
56 silly fetch manifest symbol-tree@^3.2.4
57 silly packumentCache full:https://registry.npmjs.org/symbol-tree cache-miss
58 http fetch GET 200 https://registry.npmjs.org/symbol-tree 35ms (cache miss)
59 silly packumentCache full:https://registry.npmjs.org/symbol-tree set size:undefined disposed:false
60 silly fetch manifest tough-cookie@^6.0.1
61 silly packumentCache full:https://registry.npmjs.org/tough-cookie cache-miss
62 http fetch GET 200 https://registry.npmjs.org/tough-cookie 29ms (cache miss)
63 silly packumentCache full:https://registry.npmjs.org/tough-cookie set size:undefined disposed:false
64 silly fetch manifest @exodus/bytes@^1.15.0
65 silly packumentCache full:https://registry.npmjs.org/@exodus%2fbytes cache-miss
66 http fetch GET 200 https://registry.npmjs.org/@exodus%2fbytes 56ms (cache miss)
67 silly packumentCache full:https://registry.npmjs.org/@exodus%2fbytes set size:undefined disposed:false
68 silly fetch manifest whatwg-mimetype@^5.0.0
69 silly packumentCache full:https://registry.npmjs.org/whatwg-mimetype cache-miss
70 http fetch GET 200 https://registry.npmjs.org/whatwg-mimetype 26ms (cache miss)
71 silly packumentCache full:https://registry.npmjs.org/whatwg-mimetype set size:undefined disposed:false
72 silly fetch manifest w3c-xmlserializer@^5.0.0
73 silly packumentCache full:https://registry.npmjs.org/w3c-xmlserializer cache-miss
74 http fetch GET 200 https://registry.npmjs.org/w3c-xmlserializer 32ms (cache miss)
75 silly packumentCache full:https://registry.npmjs.org/w3c-xmlserializer set size:undefined disposed:false
76 silly fetch manifest webidl-conversions@^8.0.1
77 silly packumentCache full:https://registry.npmjs.org/webidl-conversions cache-miss
78 http fetch GET 200 https://registry.npmjs.org/webidl-conversions 31ms (cache miss)
79 silly packumentCache full:https://registry.npmjs.org/webidl-conversions set size:undefined disposed:false
80 silly fetch manifest xml-name-validator@^5.0.0
81 silly packumentCache full:https://registry.npmjs.org/xml-name-validator cache-miss
82 http fetch GET 200 https://registry.npmjs.org/xml-name-validator 29ms (cache miss)
83 silly packumentCache full:https://registry.npmjs.org/xml-name-validator set size:undefined disposed:false
84 silly fetch manifest @bramus/specificity@^2.4.2
85 silly packumentCache full:https://registry.npmjs.org/@bramus%2fspecificity cache-miss
86 http fetch GET 200 https://registry.npmjs.org/@bramus%2fspecificity 41ms (cache miss)
87 silly packumentCache full:https://registry.npmjs.org/@bramus%2fspecificity set size:undefined disposed:false
88 silly fetch manifest @asamuzakjp/css-color@^5.1.11
89 silly packumentCache full:https://registry.npmjs.org/@asamuzakjp%2fcss-color cache-miss
90 http fetch GET 200 https://registry.npmjs.org/@asamuzakjp%2fcss-color 64ms (cache miss)
91 silly packumentCache full:https://registry.npmjs.org/@asamuzakjp%2fcss-color set size:undefined disposed:false
92 silly fetch manifest html-encoding-sniffer@^6.0.0
93 silly packumentCache full:https://registry.npmjs.org/html-encoding-sniffer cache-miss
94 http fetch GET 200 https://registry.npmjs.org/html-encoding-sniffer 32ms (cache miss)
95 silly packumentCache full:https://registry.npmjs.org/html-encoding-sniffer set size:undefined disposed:false
96 silly fetch manifest @asamuzakjp/dom-selector@^7.1.1
97 silly packumentCache full:https://registry.npmjs.org/@asamuzakjp%2fdom-selector cache-miss
98 http fetch GET 200 https://registry.npmjs.org/@asamuzakjp%2fdom-selector 71ms (cache miss)
99 silly packumentCache full:https://registry.npmjs.org/@asamuzakjp%2fdom-selector set size:undefined disposed:false
100 silly fetch manifest is-potential-custom-element-name@^1.0.1
101 silly packumentCache full:https://registry.npmjs.org/is-potential-custom-element-name cache-miss
102 http fetch GET 200 https://registry.npmjs.org/is-potential-custom-element-name 29ms (cache miss)
103 silly packumentCache full:https://registry.npmjs.org/is-potential-custom-element-name set size:undefined disposed:false
104 silly fetch manifest @csstools/css-syntax-patches-for-csstree@^1.1.3
105 silly packumentCache full:https://registry.npmjs.org/@csstools%2fcss-syntax-patches-for-csstree cache-miss
106 http fetch GET 200 https://registry.npmjs.org/@csstools%2fcss-syntax-patches-for-csstree 55ms (cache miss)
107 silly packumentCache full:https://registry.npmjs.org/@csstools%2fcss-syntax-patches-for-csstree set size:undefined disposed:false
108 silly fetch manifest @noble/hashes@^1.8.0 || ^2.0.0
109 silly packumentCache full:https://registry.npmjs.org/@noble%2fhashes cache-miss
110 http fetch GET 200 https://registry.npmjs.org/@noble%2fhashes 44ms (cache miss)
111 silly packumentCache full:https://registry.npmjs.org/@noble%2fhashes set size:undefined disposed:false
112 silly placeDep ROOT @asamuzakjp/css-color@5.1.11 OK for: jsdom@29.1.1 want: ^5.1.11
113 silly placeDep ROOT @asamuzakjp/dom-selector@7.1.1 OK for: jsdom@29.1.1 want: ^7.1.1
114 silly placeDep ROOT @bramus/specificity@2.4.2 OK for: jsdom@29.1.1 want: ^2.4.2
115 silly placeDep ROOT @csstools/css-syntax-patches-for-csstree@1.1.14 OK for: jsdom@29.1.1 want: ^1.1.3
116 silly placeDep ROOT @exodus/bytes@1.15.1 OK for: jsdom@29.1.1 want: ^1.15.0
117 silly placeDep ROOT css-tree@3.2.1 OK for: jsdom@29.1.1 want: ^3.2.1
118 silly placeDep ROOT data-urls@7.0.0 OK for: jsdom@29.1.1 want: ^7.0.0
119 silly placeDep ROOT decimal.js@10.6.0 OK for: jsdom@29.1.1 want: ^10.6.0
120 silly placeDep ROOT html-encoding-sniffer@6.0.0 OK for: jsdom@29.1.1 want: ^6.0.0
121 silly placeDep ROOT is-potential-custom-element-name@1.0.1 OK for: jsdom@29.1.1 want: ^1.0.1
122 silly placeDep ROOT lru-cache@11.5.3 OK for: jsdom@29.1.1 want: ^11.3.5
123 silly placeDep ROOT parse5@8.0.1 OK for: jsdom@29.1.1 want: ^8.0.1
124 silly placeDep ROOT saxes@6.0.0 OK for: jsdom@29.1.1 want: ^6.0.0
125 silly placeDep ROOT symbol-tree@3.2.4 OK for: jsdom@29.1.1 want: ^3.2.4
126 silly placeDep ROOT tough-cookie@6.0.2 OK for: jsdom@29.1.1 want: ^6.0.1
127 silly placeDep ROOT undici@7.29.1 OK for: jsdom@29.1.1 want: ^7.25.0
128 silly placeDep ROOT w3c-xmlserializer@5.0.0 OK for: jsdom@29.1.1 want: ^5.0.0
129 silly placeDep ROOT webidl-conversions@8.0.1 OK for: jsdom@29.1.1 want: ^8.0.1
130 silly placeDep ROOT whatwg-mimetype@5.0.0 OK for: jsdom@29.1.1 want: ^5.0.0
131 silly placeDep ROOT whatwg-url@16.0.1 OK for: jsdom@29.1.1 want: ^16.0.1
132 silly placeDep ROOT xml-name-validator@5.0.0 OK for: jsdom@29.1.1 want: ^5.0.0
133 silly fetch manifest @csstools/css-calc@^3.2.0
134 silly packumentCache full:https://registry.npmjs.org/@csstools%2fcss-calc cache-miss
135 http fetch GET 200 https://registry.npmjs.org/@csstools%2fcss-calc 61ms (cache miss)
136 silly packumentCache full:https://registry.npmjs.org/@csstools%2fcss-calc set size:undefined disposed:false
137 silly fetch manifest @csstools/css-tokenizer@^4.0.0
138 silly packumentCache full:https://registry.npmjs.org/@csstools%2fcss-tokenizer cache-miss
139 http fetch GET 200 https://registry.npmjs.org/@csstools%2fcss-tokenizer 49ms (cache miss)
140 silly packumentCache full:https://registry.npmjs.org/@csstools%2fcss-tokenizer set size:undefined disposed:false
141 silly fetch manifest @csstools/css-color-parser@^4.1.0
142 silly packumentCache full:https://registry.npmjs.org/@csstools%2fcss-color-parser cache-miss
143 http fetch GET 200 https://registry.npmjs.org/@csstools%2fcss-color-parser 57ms (cache miss)
144 silly packumentCache full:https://registry.npmjs.org/@csstools%2fcss-color-parser set size:undefined disposed:false
145 silly fetch manifest @asamuzakjp/generational-cache@^1.0.1
146 silly packumentCache full:https://registry.npmjs.org/@asamuzakjp%2fgenerational-cache cache-miss
147 http fetch GET 200 https://registry.npmjs.org/@asamuzakjp%2fgenerational-cache 39ms (cache miss)
148 silly packumentCache full:https://registry.npmjs.org/@asamuzakjp%2fgenerational-cache set size:undefined disposed:false
149 silly fetch manifest @csstools/css-parser-algorithms@^4.0.0
150 silly packumentCache full:https://registry.npmjs.org/@csstools%2fcss-parser-algorithms cache-miss
151 http fetch GET 200 https://registry.npmjs.org/@csstools%2fcss-parser-algorithms 52ms (cache miss)
152 silly packumentCache full:https://registry.npmjs.org/@csstools%2fcss-parser-algorithms set size:undefined disposed:false
153 silly fetch manifest bidi-js@^1.0.3
154 silly packumentCache full:https://registry.npmjs.org/bidi-js cache-miss
155 http fetch GET 200 https://registry.npmjs.org/bidi-js 31ms (cache miss)
156 silly packumentCache full:https://registry.npmjs.org/bidi-js set size:undefined disposed:false
157 silly fetch manifest @asamuzakjp/nwsapi@^2.3.9
158 silly packumentCache full:https://registry.npmjs.org/@asamuzakjp%2fnwsapi cache-miss
159 http fetch GET 200 https://registry.npmjs.org/@asamuzakjp%2fnwsapi 48ms (cache miss)
160 silly packumentCache full:https://registry.npmjs.org/@asamuzakjp%2fnwsapi set size:undefined disposed:false
161 silly fetch manifest css-tree@^3.0.0
162 silly packumentCache full:https://registry.npmjs.org/css-tree cache-miss
163 http fetch GET 200 https://registry.npmjs.org/css-tree 6ms (cache hit)
164 silly packumentCache full:https://registry.npmjs.org/css-tree set size:229638 disposed:false
165 silly fetch manifest mdn-data@2.27.1
166 silly packumentCache full:https://registry.npmjs.org/mdn-data cache-miss
167 http fetch GET 200 https://registry.npmjs.org/mdn-data 36ms (cache miss)
168 silly packumentCache full:https://registry.npmjs.org/mdn-data set size:undefined disposed:false
169 silly fetch manifest source-map-js@^1.2.1
170 silly packumentCache full:https://registry.npmjs.org/source-map-js cache-miss
171 http fetch GET 200 https://registry.npmjs.org/source-map-js 39ms (cache miss)
172 silly packumentCache full:https://registry.npmjs.org/source-map-js set size:undefined disposed:false
173 silly fetch manifest whatwg-url@^16.0.0
174 silly packumentCache full:https://registry.npmjs.org/whatwg-url cache-miss
175 http fetch GET 200 https://registry.npmjs.org/whatwg-url 5ms (cache hit)
176 silly packumentCache full:https://registry.npmjs.org/whatwg-url set size:180138 disposed:false
177 silly fetch manifest entities@^8.0.0
178 silly packumentCache full:https://registry.npmjs.org/entities cache-miss
179 http fetch GET 200 https://registry.npmjs.org/entities 31ms (cache miss)
180 silly packumentCache full:https://registry.npmjs.org/entities set size:undefined disposed:false
181 silly fetch manifest xmlchars@^2.2.0
182 silly packumentCache full:https://registry.npmjs.org/xmlchars cache-miss
183 http fetch GET 200 https://registry.npmjs.org/xmlchars 37ms (cache miss)
184 silly packumentCache full:https://registry.npmjs.org/xmlchars set size:undefined disposed:false
185 silly fetch manifest tldts@^7.0.5
186 silly packumentCache full:https://registry.npmjs.org/tldts cache-miss
187 http fetch GET 200 https://registry.npmjs.org/tldts 99ms (cache miss)
188 silly packumentCache full:https://registry.npmjs.org/tldts set size:undefined disposed:false
189 silly fetch manifest tr46@^6.0.0
190 silly packumentCache full:https://registry.npmjs.org/tr46 cache-miss
191 http fetch GET 200 https://registry.npmjs.org/tr46 43ms (cache miss)
192 silly packumentCache full:https://registry.npmjs.org/tr46 set size:undefined disposed:false
193 silly placeDep ROOT @asamuzakjp/generational-cache@1.0.1 OK for: @asamuzakjp/css-color@5.1.11 want: ^1.0.1
194 silly placeDep ROOT @csstools/css-calc@3.4.0 OK for: @asamuzakjp/css-color@5.1.11 want: ^3.2.0
195 silly placeDep ROOT @csstools/css-tokenizer@4.0.1 OK for: @csstools/css-calc@3.4.0 want: ^4.0.0
196 silly placeDep ROOT @csstools/css-parser-algorithms@4.0.0 OK for: @csstools/css-calc@3.4.0 want: ^4.0.0
197 silly placeDep ROOT @csstools/css-color-parser@4.2.3 OK for: @asamuzakjp/css-color@5.1.11 want: ^4.1.0
198 silly fetch manifest @csstools/color-helpers@^6.1.1
199 silly packumentCache full:https://registry.npmjs.org/@csstools%2fcolor-helpers cache-miss
200 http fetch GET 200 https://registry.npmjs.org/@csstools%2fcolor-helpers 35ms (cache miss)
201 silly packumentCache full:https://registry.npmjs.org/@csstools%2fcolor-helpers set size:undefined disposed:false
202 silly placeDep ROOT @asamuzakjp/nwsapi@2.3.9 OK for: @asamuzakjp/dom-selector@7.1.1 want: ^2.3.9
203 silly placeDep ROOT bidi-js@1.1.0 OK for: @asamuzakjp/dom-selector@7.1.1 want: ^1.0.3
204 silly fetch manifest require-from-string@^2.0.2
205 silly packumentCache full:https://registry.npmjs.org/require-from-string cache-miss
206 http fetch GET 200 https://registry.npmjs.org/require-from-string 34ms (cache miss)
207 silly packumentCache full:https://registry.npmjs.org/require-from-string set size:undefined disposed:false
208 silly placeDep ROOT @csstools/color-helpers@6.1.1 OK for: @csstools/css-color-parser@4.2.3 want: ^6.1.1
209 silly placeDep ROOT require-from-string@2.0.2 OK for: bidi-js@1.1.0 want: ^2.0.2
210 silly placeDep ROOT mdn-data@2.27.1 OK for: css-tree@3.2.1 want: 2.27.1
211 silly placeDep ROOT source-map-js@1.2.1 OK for: css-tree@3.2.1 want: ^1.2.1
212 silly placeDep ROOT entities@8.1.0 OK for: parse5@8.0.1 want: ^8.0.0
213 silly placeDep ROOT xmlchars@2.2.0 OK for: saxes@6.0.0 want: ^2.2.0
214 silly placeDep ROOT tldts@7.4.13 OK for: tough-cookie@6.0.2 want: ^7.0.5
215 silly fetch manifest tldts-core@^7.4.13
216 silly packumentCache full:https://registry.npmjs.org/tldts-core cache-miss
217 http fetch GET 200 https://registry.npmjs.org/tldts-core 92ms (cache miss)
218 silly packumentCache full:https://registry.npmjs.org/tldts-core set size:undefined disposed:false
219 silly placeDep ROOT tldts-core@7.4.13 OK for: tldts@7.4.13 want: ^7.4.13
220 silly placeDep ROOT tr46@6.0.0 OK for: whatwg-url@16.0.1 want: ^6.0.0
221 silly fetch manifest punycode@^2.3.1
222 silly packumentCache full:https://registry.npmjs.org/punycode cache-miss
223 http fetch GET 200 https://registry.npmjs.org/punycode 32ms (cache miss)
224 silly packumentCache full:https://registry.npmjs.org/punycode set size:undefined disposed:false
225 silly placeDep ROOT punycode@2.3.1 OK for: tr46@6.0.0 want: ^2.3.1
226 silly reify moves {}
227 silly tarball no local data for punycode@https://registry.npmjs.org/punycode/-/punycode-2.3.1.tgz. Extracting by manifest.
228 silly tarball no local data for tr46@https://registry.npmjs.org/tr46/-/tr46-6.0.0.tgz. Extracting by manifest.
229 silly tarball no local data for tldts-core@https://registry.npmjs.org/tldts-core/-/tldts-core-7.4.13.tgz. Extracting by manifest.
230 silly tarball no local data for tldts@https://registry.npmjs.org/tldts/-/tldts-7.4.13.tgz. Extracting by manifest.
231 silly tarball no local data for xmlchars@https://registry.npmjs.org/xmlchars/-/xmlchars-2.2.0.tgz. Extracting by manifest.
232 silly tarball no local data for entities@https://registry.npmjs.org/entities/-/entities-8.1.0.tgz. Extracting by manifest.
233 silly tarball no local data for source-map-js@https://registry.npmjs.org/source-map-js/-/source-map-js-1.2.1.tgz. Extracting by manifest.
234 silly tarball no local data for mdn-data@https://registry.npmjs.org/mdn-data/-/mdn-data-2.27.1.tgz. Extracting by manifest.
235 silly tarball no local data for require-from-string@https://registry.npmjs.org/require-from-string/-/require-from-string-2.0.2.tgz. Extracting by manifest.
236 silly tarball no local data for @csstools/color-helpers@https://registry.npmjs.org/@csstools/color-helpers/-/color-helpers-6.1.1.tgz. Extracting by manifest.
237 silly tarball no local data for bidi-js@https://registry.npmjs.org/bidi-js/-/bidi-js-1.1.0.tgz. Extracting by manifest.
238 silly tarball no local data for @asamuzakjp/nwsapi@https://registry.npmjs.org/@asamuzakjp/nwsapi/-/nwsapi-2.3.9.tgz. Extracting by manifest.
239 silly tarball no local data for @csstools/css-color-parser@https://registry.npmjs.org/@csstools/css-color-parser/-/css-color-parser-4.2.3.tgz. Extracting by manifest.
240 silly tarball no local data for @csstools/css-parser-algorithms@https://registry.npmjs.org/@csstools/css-parser-algorithms/-/css-parser-algorithms-4.0.0.tgz. Extracting by manifest.
241 silly tarball no local data for @csstools/css-tokenizer@https://registry.npmjs.org/@csstools/css-tokenizer/-/css-tokenizer-4.0.1.tgz. Extracting by manifest.
242 silly tarball no local data for @csstools/css-calc@https://registry.npmjs.org/@csstools/css-calc/-/css-calc-3.4.0.tgz. Extracting by manifest.
243 silly tarball no local data for @asamuzakjp/generational-cache@https://registry.npmjs.org/@asamuzakjp/generational-cache/-/generational-cache-1.0.1.tgz. Extracting by manifest.
244 silly tarball no local data for xml-name-validator@https://registry.npmjs.org/xml-name-validator/-/xml-name-validator-5.0.0.tgz. Extracting by manifest.
245 silly tarball no local data for whatwg-url@https://registry.npmjs.org/whatwg-url/-/whatwg-url-16.0.1.tgz. Extracting by manifest.
246 silly tarball no local data for whatwg-mimetype@https://registry.npmjs.org/whatwg-mimetype/-/whatwg-mimetype-5.0.0.tgz. Extracting by manifest.
247 silly tarball no local data for webidl-conversions@https://registry.npmjs.org/webidl-conversions/-/webidl-conversions-8.0.1.tgz. Extracting by manifest.
248 silly tarball no local data for w3c-xmlserializer@https://registry.npmjs.org/w3c-xmlserializer/-/w3c-xmlserializer-5.0.0.tgz. Extracting by manifest.
249 silly tarball no local data for undici@https://registry.npmjs.org/undici/-/undici-7.29.1.tgz. Extracting by manifest.
250 silly tarball no local data for tough-cookie@https://registry.npmjs.org/tough-cookie/-/tough-cookie-6.0.2.tgz. Extracting by manifest.
251 silly tarball no local data for symbol-tree@https://registry.npmjs.org/symbol-tree/-/symbol-tree-3.2.4.tgz. Extracting by manifest.
252 silly tarball no local data for saxes@https://registry.npmjs.org/saxes/-/saxes-6.0.0.tgz. Extracting by manifest.
253 silly tarball no local data for parse5@https://registry.npmjs.org/parse5/-/parse5-8.0.1.tgz. Extracting by manifest.
254 silly tarball no local data for lru-cache@https://registry.npmjs.org/lru-cache/-/lru-cache-11.5.3.tgz. Extracting by manifest.
255 silly tarball no local data for is-potential-custom-element-name@https://registry.npmjs.org/is-potential-custom-element-name/-/is-potential-custom-element-name-1.0.1.tgz. Extracting by manifest.
256 silly tarball no local data for html-encoding-sniffer@https://registry.npmjs.org/html-encoding-sniffer/-/html-encoding-sniffer-6.0.0.tgz. Extracting by manifest.
257 silly tarball no local data for decimal.js@https://registry.npmjs.org/decimal.js/-/decimal.js-10.6.0.tgz. Extracting by manifest.
258 silly tarball no local data for data-urls@https://registry.npmjs.org/data-urls/-/data-urls-7.0.0.tgz. Extracting by manifest.
259 silly tarball no local data for css-tree@https://registry.npmjs.org/css-tree/-/css-tree-3.2.1.tgz. Extracting by manifest.
260 silly tarball no local data for @exodus/bytes@https://registry.npmjs.org/@exodus/bytes/-/bytes-1.15.1.tgz. Extracting by manifest.
261 silly tarball no local data for @csstools/css-syntax-patches-for-csstree@https://registry.npmjs.org/@csstools/css-syntax-patches-for-csstree/-/css-syntax-patches-for-csstree-1.1.14.tgz. Extracting by manifest.
262 silly tarball no local data for @bramus/specificity@https://registry.npmjs.org/@bramus/specificity/-/specificity-2.4.2.tgz. Extracting by manifest.
263 silly tarball no local data for @asamuzakjp/dom-selector@https://registry.npmjs.org/@asamuzakjp/dom-selector/-/dom-selector-7.1.1.tgz. Extracting by manifest.
264 silly tarball no local data for @asamuzakjp/css-color@https://registry.npmjs.org/@asamuzakjp/css-color/-/css-color-5.1.11.tgz. Extracting by manifest.
265 silly tarball no local data for jsdom@https://registry.npmjs.org/jsdom/-/jsdom-29.1.1.tgz. Extracting by manifest.
266 http fetch GET 200 https://registry.npmjs.org/punycode/-/punycode-2.3.1.tgz 128ms (cache miss)
267 http fetch GET 200 https://registry.npmjs.org/tr46/-/tr46-6.0.0.tgz 301ms (cache miss)
268 http fetch GET 200 https://registry.npmjs.org/@csstools/css-calc/-/css-calc-3.4.0.tgz 301ms (cache miss)
269 http fetch GET 200 https://registry.npmjs.org/@asamuzakjp/generational-cache/-/generational-cache-1.0.1.tgz 301ms (cache miss)
270 http fetch GET 200 https://registry.npmjs.org/xml-name-validator/-/xml-name-validator-5.0.0.tgz 307ms (cache miss)
271 http fetch GET 200 https://registry.npmjs.org/require-from-string/-/require-from-string-2.0.2.tgz 325ms (cache miss)
272 http fetch GET 200 https://registry.npmjs.org/w3c-xmlserializer/-/w3c-xmlserializer-5.0.0.tgz 320ms (cache miss)
273 http fetch GET 200 https://registry.npmjs.org/whatwg-mimetype/-/whatwg-mimetype-5.0.0.tgz 327ms (cache miss)
274 http fetch GET 200 https://registry.npmjs.org/symbol-tree/-/symbol-tree-3.2.4.tgz 323ms (cache miss)
275 http fetch GET 200 https://registry.npmjs.org/is-potential-custom-element-name/-/is-potential-custom-element-name-1.0.1.tgz 321ms (cache miss)
276 http fetch GET 200 https://registry.npmjs.org/html-encoding-sniffer/-/html-encoding-sniffer-6.0.0.tgz 322ms (cache miss)
277 http fetch GET 200 https://registry.npmjs.org/data-urls/-/data-urls-7.0.0.tgz 327ms (cache miss)
278 http fetch GET 200 https://registry.npmjs.org/@csstools/css-syntax-patches-for-csstree/-/css-syntax-patches-for-csstree-1.1.14.tgz 327ms (cache miss)
279 http fetch GET 200 https://registry.npmjs.org/webidl-conversions/-/webidl-conversions-8.0.1.tgz 341ms (cache miss)
280 http fetch GET 200 https://registry.npmjs.org/@asamuzakjp/nwsapi/-/nwsapi-2.3.9.tgz 350ms (cache miss)
281 http fetch GET 200 https://registry.npmjs.org/whatwg-url/-/whatwg-url-16.0.1.tgz 348ms (cache miss)
282 http fetch GET 200 https://registry.npmjs.org/@csstools/css-tokenizer/-/css-tokenizer-4.0.1.tgz 352ms (cache miss)
283 http fetch GET 200 https://registry.npmjs.org/@csstools/css-parser-algorithms/-/css-parser-algorithms-4.0.0.tgz 357ms (cache miss)
284 http fetch GET 200 https://registry.npmjs.org/@csstools/color-helpers/-/color-helpers-6.1.1.tgz 362ms (cache miss)
285 http fetch GET 200 https://registry.npmjs.org/@csstools/css-color-parser/-/css-color-parser-4.2.3.tgz 372ms (cache miss)
286 http fetch GET 200 https://registry.npmjs.org/decimal.js/-/decimal.js-10.6.0.tgz 362ms (cache miss)
287 http fetch GET 200 https://registry.npmjs.org/xmlchars/-/xmlchars-2.2.0.tgz 389ms (cache miss)
288 http fetch GET 200 https://registry.npmjs.org/saxes/-/saxes-6.0.0.tgz 385ms (cache miss)
289 http fetch GET 200 https://registry.npmjs.org/source-map-js/-/source-map-js-1.2.1.tgz 417ms (cache miss)
290 http fetch GET 200 https://registry.npmjs.org/bidi-js/-/bidi-js-1.1.0.tgz 435ms (cache miss)
291 http fetch GET 200 https://registry.npmjs.org/@asamuzakjp/dom-selector/-/dom-selector-7.1.1.tgz 421ms (cache miss)
292 http fetch GET 200 https://registry.npmjs.org/@bramus/specificity/-/specificity-2.4.2.tgz 434ms (cache miss)
293 http fetch GET 200 https://registry.npmjs.org/parse5/-/parse5-8.0.1.tgz 444ms (cache miss)
294 http fetch GET 200 https://registry.npmjs.org/tough-cookie/-/tough-cookie-6.0.2.tgz 469ms (cache miss)
295 http fetch GET 200 https://registry.npmjs.org/mdn-data/-/mdn-data-2.27.1.tgz 482ms (cache miss)
296 http fetch GET 200 https://registry.npmjs.org/entities/-/entities-8.1.0.tgz 513ms (cache miss)
297 http fetch GET 200 https://registry.npmjs.org/@asamuzakjp/css-color/-/css-color-5.1.11.tgz 490ms (cache miss)
298 http fetch GET 200 https://registry.npmjs.org/@exodus/bytes/-/bytes-1.15.1.tgz 516ms (cache miss)
299 http fetch GET 200 https://registry.npmjs.org/tldts-core/-/tldts-core-7.4.13.tgz 557ms (cache miss)
300 http fetch GET 200 https://registry.npmjs.org/tldts/-/tldts-7.4.13.tgz 607ms (cache miss)
301 http fetch GET 200 https://registry.npmjs.org/lru-cache/-/lru-cache-11.5.3.tgz 630ms (cache miss)
302 http fetch GET 200 https://registry.npmjs.org/undici/-/undici-7.29.1.tgz 654ms (cache miss)
303 http fetch GET 200 https://registry.npmjs.org/css-tree/-/css-tree-3.2.1.tgz 651ms (cache miss)
304 http fetch GET 200 https://registry.npmjs.org/jsdom/-/jsdom-29.1.1.tgz 747ms (cache miss)
305 verbose cwd /tmp/jstest
306 verbose os Linux 6.1.158+
307 verbose node v20.20.2
308 verbose npm  v10.8.2
309 notice
309 notice New major version of npm available! 10.8.2 -> 12.0.2
309 notice Changelog: https://github.com/npm/cli/releases/tag/v12.0.2
309 notice To update run: npm install -g npm@12.0.2
309 notice  { force: true, [Symbol(proc-log.meta)]: true }
310 verbose exit 0
311 info ok
